// Jest Snapshot v1, https://goo.gl/fbAQLP

exports[`Input component Should render Input component 1`] = `
<div>
  <div
    class="MuiFormControl-root MuiFormControl-fullWidth MuiTextField-root css-wb57ya-MuiFormControl-root-MuiTextField-root"
  >
    <label
      class="MuiInputLabel-root MuiInputLabel-formControl MuiInputLabel-animated MuiInputLabel-shrink MuiInputLabel-filled MuiFormLabel-root MuiFormLabel-colorPrimary MuiFormLabel-filled css-o943dk-MuiFormLabel-root-MuiInputLabel-root"
      data-shrink="true"
      for="currency-moneda"
      id="currency-moneda-label"
    >
      MONEY-TEST
    </label>
    <div
      class="MuiFilledInput-root MuiFilledInput-underline MuiInputBase-root MuiInputBase-colorPrimary MuiInputBase-fullWidth MuiInputBase-formControl css-gjbq6i-MuiInputBase-root-MuiFilledInput-root"
    >
      <input
        aria-invalid="false"
        class="MuiFilledInput-input MuiInputBase-input css-10botns-MuiInputBase-input-MuiFilledInput-input"
        id="currency-moneda"
        type="number"
        value="371.84"
      />
    </div>
  </div>
</div>
`;
