// Jest Snapshot v1, https://goo.gl/fbAQLP

exports[`CurrencyConverter component Should render CurrencyConverter component 1`] = `
<div
  className="MuiContainer-root MuiContainer-maxWidthLg css-1f2kw6w-MuiContainer-root"
>
  <div
    className="MuiPaper-root MuiPaper-elevation MuiPaper-rounded MuiPaper-elevation1 css-1slnj5u-MuiPaper-root"
  >
    <h3
      className="MuiTypography-root MuiTypography-h3 MuiTypography-alignCenter MuiTypography-gutterBottom css-1le49ku-MuiTypography-root"
    >
      Currency Converter ðŸ’±
    </h3>
    <div
      className="MuiGrid-root MuiGrid-container css-11lq3yg-MuiGrid-root"
    >
      <div
        className="MuiGrid-root MuiGrid-item MuiGrid-grid-xs-5 css-k3f0g4-MuiGrid-root"
      >
        <div
          className="MuiFormControl-root MuiFormControl-fullWidth MuiTextField-root css-wb57ya-MuiFormControl-root-MuiTextField-root"
        >
          <label
            className="MuiInputLabel-root MuiInputLabel-formControl MuiInputLabel-animated MuiInputLabel-filled MuiFormLabel-root MuiFormLabel-colorPrimary css-e4w4as-MuiFormLabel-root-MuiInputLabel-root"
            data-shrink={false}
            htmlFor="currency-usd"
            id="currency-usd-label"
          >
            USD
          </label>
          <div
            className="MuiFilledInput-root MuiFilledInput-underline MuiInputBase-root MuiInputBase-colorPrimary MuiInputBase-fullWidth MuiInputBase-formControl css-gjbq6i-MuiInputBase-root-MuiFilledInput-root"
            onClick={[Function]}
          >
            <input
              aria-invalid={false}
              autoFocus={false}
              className="MuiFilledInput-input MuiInputBase-input css-10botns-MuiInputBase-input-MuiFilledInput-input"
              disabled={false}
              id="currency-usd"
              onAnimationStart={[Function]}
              onBlur={[Function]}
              onChange={[Function]}
              onFocus={[Function]}
              required={false}
              type="number"
              value=""
            />
          </div>
        </div>
      </div>
      <div
        className="MuiGrid-root MuiGrid-item MuiGrid-grid-xs-2 css-1thszbi-MuiGrid-root"
      >
        <svg
          aria-hidden={true}
          className="MuiSvgIcon-root MuiSvgIcon-fontSizeMedium css-1dxcdol-MuiSvgIcon-root"
          data-testid="CompareArrowsIcon"
          focusable="false"
          viewBox="0 0 24 24"
        >
          <path
            d="M9.01 14H2v2h7.01v3L13 15l-3.99-4v3zm5.98-1v-3H22V8h-7.01V5L11 9l3.99 4z"
          />
        </svg>
      </div>
      <div
        className="MuiGrid-root MuiGrid-item MuiGrid-grid-xs-5 css-k3f0g4-MuiGrid-root"
      >
        <div
          className="MuiFormControl-root MuiFormControl-fullWidth MuiTextField-root css-wb57ya-MuiFormControl-root-MuiTextField-root"
        >
          <label
            className="MuiInputLabel-root MuiInputLabel-formControl MuiInputLabel-animated MuiInputLabel-filled MuiFormLabel-root MuiFormLabel-colorPrimary css-e4w4as-MuiFormLabel-root-MuiInputLabel-root"
            data-shrink={false}
            htmlFor="curency-mxn"
            id="curency-mxn-label"
          >
            MXN
          </label>
          <div
            className="MuiFilledInput-root MuiFilledInput-underline MuiInputBase-root MuiInputBase-colorPrimary MuiInputBase-fullWidth MuiInputBase-formControl css-gjbq6i-MuiInputBase-root-MuiFilledInput-root"
            onClick={[Function]}
          >
            <input
              aria-invalid={false}
              autoFocus={false}
              className="MuiFilledInput-input MuiInputBase-input css-10botns-MuiInputBase-input-MuiFilledInput-input"
              disabled={false}
              id="curency-mxn"
              onAnimationStart={[Function]}
              onBlur={[Function]}
              onChange={[Function]}
              onFocus={[Function]}
              required={false}
              type="number"
              value=""
            />
          </div>
        </div>
      </div>
    </div>
  </div>
</div>
`;
